
> desktop@0.1.3 test
> vitest rollback-manager.test.ts --run


 RUN  v4.1.4 C:/Users/srini/Downloads/EverFern/everfern-desktop/apps/desktop

 ÔØ» main/agent/persistence/rollback-manager.test.ts (70 tests | 6 failed) 113ms
       ├ù should create a file modification snapshot 8ms
       ├ù should compress file content in snapshot 2ms
       ├ù should store multiple snapshots for different files 2ms
       ├ù should create a file creation snapshot 2ms
       ├ù should create a file deletion snapshot with preserved content 2ms
       ├ù should preserve deleted file content for restoration 2ms

ÔÄ»ÔÄ»ÔÄ»ÔÄ»ÔÄ»ÔÄ»ÔÄ» Failed Tests 6 ÔÄ»ÔÄ»ÔÄ»ÔÄ»ÔÄ»ÔÄ»ÔÄ»

 FAIL  main/agent/persistence/rollback-manager.test.ts > RollbackManager > Track file modification > should create a file modification snapshot
Error: Cannot find module '../../lib/db'
Require stack:
- C:\Users\srini\Downloads\EverFern\everfern-desktop\apps\desktop\main\agent\persistence\rollback-manager.test.ts
 ÔØ» main/agent/persistence/rollback-manager.test.ts:111:33
    109|     it('should create a file modification snapshot', async () => {
    110|       // Mock the database run method
    111|       const dbRunSpy = vi.spyOn(require('../../lib/db'), 'dbOps', 'getÔÇª
       |                                 ^
    112|         run: vi.fn().mockResolvedValue(undefined),
    113|       });

ÔÄ»ÔÄ»ÔÄ»ÔÄ»ÔÄ»ÔÄ»ÔÄ»ÔÄ»ÔÄ»ÔÄ»ÔÄ»ÔÄ»ÔÄ»ÔÄ»ÔÄ»ÔÄ»ÔÄ»ÔÄ»ÔÄ»ÔÄ»ÔÄ»ÔÄ»ÔÄ»ÔÄ»[1/6]ÔÄ»

 FAIL  main/agent/persistence/rollback-manager.test.ts > RollbackManager > Track file modification > should compress file content in snapshot
Error: Cannot find module '../../lib/db'
Require stack:
- C:\Users\srini\Downloads\EverFern\everfern-desktop\apps\desktop\main\agent\persistence\rollback-manager.test.ts
 ÔØ» main/agent/persistence/rollback-manager.test.ts:140:16
    138|     it('should compress file content in snapshot', async () => {
    139|       // Mock database
    140|       vi.spyOn(require('../../lib/db'), 'dbOps', 'get').mockReturnValuÔÇª
       |                ^
    141|         run: vi.fn().mockResolvedValue(undefined),
    142|       });

ÔÄ»ÔÄ»ÔÄ»ÔÄ»ÔÄ»ÔÄ»ÔÄ»ÔÄ»ÔÄ»ÔÄ»ÔÄ»ÔÄ»ÔÄ»ÔÄ»ÔÄ»ÔÄ»ÔÄ»ÔÄ»ÔÄ»ÔÄ»ÔÄ»ÔÄ»ÔÄ»ÔÄ»[2/6]ÔÄ»

 FAIL  main/agent/persistence/rollback-manager.test.ts > RollbackManager > Track file modification > should store multiple snapshots for different files
Error: Cannot find module '../../lib/db'
Require stack:
- C:\Users\srini\Downloads\EverFern\everfern-desktop\apps\desktop\main\agent\persistence\rollback-manager.test.ts
 ÔØ» main/agent/persistence/rollback-manager.test.ts:184:16
    182|     it('should store multiple snapshots for different files', async ()ÔÇª
    183|       // Mock database
    184|       vi.spyOn(require('../../lib/db'), 'dbOps', 'get').mockReturnValuÔÇª
       |                ^
    185|         run: vi.fn().mockResolvedValue(undefined),
    186|       });

ÔÄ»ÔÄ»ÔÄ»ÔÄ»ÔÄ»ÔÄ»ÔÄ»ÔÄ»ÔÄ»ÔÄ»ÔÄ»ÔÄ»ÔÄ»ÔÄ»ÔÄ»ÔÄ»ÔÄ»ÔÄ»ÔÄ»ÔÄ»ÔÄ»ÔÄ»ÔÄ»ÔÄ»[3/6]ÔÄ»

 FAIL  main/agent/persistence/rollback-manager.test.ts > RollbackManager > Track file creation > should create a file creation snapshot
Error: Cannot find module '../../lib/db'
Require stack:
- C:\Users\srini\Downloads\EverFern\everfern-desktop\apps\desktop\main\agent\persistence\rollback-manager.test.ts
 ÔØ» main/agent/persistence/rollback-manager.test.ts:204:16
    202|     it('should create a file creation snapshot', async () => {
    203|       // Mock database
    204|       vi.spyOn(require('../../lib/db'), 'dbOps', 'get').mockReturnValuÔÇª
       |                ^
    205|         run: vi.fn().mockResolvedValue(undefined),
    206|       });

ÔÄ»ÔÄ»ÔÄ»ÔÄ»ÔÄ»ÔÄ»ÔÄ»ÔÄ»ÔÄ»ÔÄ»ÔÄ»ÔÄ»ÔÄ»ÔÄ»ÔÄ»ÔÄ»ÔÄ»ÔÄ»ÔÄ»ÔÄ»ÔÄ»ÔÄ»ÔÄ»ÔÄ»[4/6]ÔÄ»

 FAIL  main/agent/persistence/rollback-manager.test.ts > RollbackManager > Track file deletion > should create a file deletion snapshot with preserved content
Error: Cannot find module '../../lib/db'
Require stack:
- C:\Users\srini\Downloads\EverFern\everfern-desktop\apps\desktop\main\agent\persistence\rollback-manager.test.ts
 ÔØ» main/agent/persistence/rollback-manager.test.ts:233:16
    231|     it('should create a file deletion snapshot with preserved content'ÔÇª
    232|       // Mock database
    233|       vi.spyOn(require('../../lib/db'), 'dbOps', 'get').mockReturnValuÔÇª
       |                ^
    234|         run: vi.fn().mockResolvedValue(undefined),
    235|       });

ÔÄ»ÔÄ»ÔÄ»ÔÄ»ÔÄ»ÔÄ»ÔÄ»ÔÄ»ÔÄ»ÔÄ»ÔÄ»ÔÄ»ÔÄ»ÔÄ»ÔÄ»ÔÄ»ÔÄ»ÔÄ»ÔÄ»ÔÄ»ÔÄ»ÔÄ»ÔÄ»ÔÄ»[5/6]ÔÄ»

 FAIL  main/agent/persistence/rollback-manager.test.ts > RollbackManager > Track file deletion > should preserve deleted file content for restoration
Error: Cannot find module '../../lib/db'
Require stack:
- C:\Users\srini\Downloads\EverFern\everfern-desktop\apps\desktop\main\agent\persistence\rollback-manager.test.ts
 ÔØ» main/agent/persistence/rollback-manager.test.ts:251:16
    249|     it('should preserve deleted file content for restoration', async (ÔÇª
    250|       // Mock database
    251|       vi.spyOn(require('../../lib/db'), 'dbOps', 'get').mockReturnValuÔÇª
       |                ^
    252|         run: vi.fn().mockResolvedValue(undefined),
    253|       });

ÔÄ»ÔÄ»ÔÄ»ÔÄ»ÔÄ»ÔÄ»ÔÄ»ÔÄ»ÔÄ»ÔÄ»ÔÄ»ÔÄ»ÔÄ»ÔÄ»ÔÄ»ÔÄ»ÔÄ»ÔÄ»ÔÄ»ÔÄ»ÔÄ»ÔÄ»ÔÄ»ÔÄ»[6/6]ÔÄ»


 Test Files  1 failed (1)
      Tests  6 failed | 64 passed (70)
   Start at  16:08:33
   Duration  1.89s (transform 147ms, setup 143ms, import 244ms, tests 113ms, environment 1.17s)

